!!Aegon73
!!Afcas66
!!Agren14
!!Bapat76
!!Baule04
!!Cquit53
!!Cunio71
!!Defcon72
!!Defcon89
!!Doled80
!!Expan49
!!Facebook67
!!Flsys61
!!Fuddy06
!!Gayla02
!!Gedan77
!!Gward57
!!Hevey80
!!Honza87
!!Hynek2
!!Idcdd51
!!Keast04
!!Korelogic08
!!Krpan32
!!Loges92
!!Lotus23
!!Marcm33
!!McVoy47
!!Mervi31
!!Motoo85
!!Mutum30
!!Novik72
!!Pecka0
!!Pesar57
!!Rnqpq90
!!Rsvga76
!!Shaup17
!!Slay87
!!Spchr50
!!Sys-v58
!!Tamio72
!!Taxes86
!!Tolga06
!!Ujjal42
!!Vabhc52
!!Vdmad62
!!Veils74
!!Vqsab41
!!Waldo74
!!Wetly24
!!Wityh32
!!Yimin27
!!Yules54
!!kruml3
!!tivy16
!#B<6V
!#Masom81
!#Oakey48
!#Pujia77
!#jail42
!$Blackhat44
!$Blackhat81
!$Couto66
!$Facebook69
!$Knust60
!$Lasca1
!$Lasvegas87
!$Nary45
!$Siano61
!$Slaff31
!&N,6
!)/T-@N\9
!)1Y:"S.
!)5&\N#E/
!)<BJA%L*
!)Whitehat
!*-<<Z!&!
!*3PPX*D
!*Dagel3
!*avers5
!*truex4
!+633\2=
!.LasVegas
!1TW9Y9>8
!3\27L(4T
!9(G08%@
!;(-59XY5
!=facebook
!?Pudding
!@#123456$%^
!@Bac-f02
!@Becke26
!@Bibs30
!@Bohol97
!@Katin22
!@Loera00
!@Mosen25
!@Sieur11
!@Tahon42
!Auto720
!Blackhat144
!Blackhat177
!Blackhat222
!Blackhat830
!C=Y[5+C
!Charles?
!Cute397
!Defcon438
!E!/8S$I8
!Fogler1
!Lasvegas380
!Monster,
!QLE'
!R<YL<)!\
!S1!0,Y<
!SP<4[-6Y
!Sees621
!Shut754
!Tomb792
!U*2@&6,
!Whitehat455
!Whitehat553
!X6G50
!['AO
![*Q,%36G
!nicolas\
"$aug2010
"-(KYQ:E
"3&#RL
"9X>5V?I
";*H>4
"August95
"X$.CW>2
"Z@;;Q4!
"ZO(O;
"ZT\E
"feb2010
#!Blackhat52
#!Bonas62
#!Croom35
#!Mite52
#!Tomas45
#!Whitehat83
#!gucwa5
##Defcon09
##Facebook57
##Facebook73
##Goede86
##Klatt28
##Lasvegas40
##Lasvegas41
##Lasvegas45
##Mundy67
##Poole69
##Santo19
##Sarff61
##tervo9
#$!,HZW<.
#$<*QYG>!
#$Plake06
#$Tusk48
#$dyner3
#$flaim2
#*mokry9
#+[;W0AR;
#,,;.6ME.
#-,(P/5*0
#-HT1&6Z
#/>23YL;8
#1SE#=![N
#3%I=-(2@
#3;,QZMZ
#3S.DG)+,
#4*19%ZW
#95@8#U6;
#9V=/N650
#<*RA!SX
#=4OSVMY1
#>&8&.!#Z
#?Z%VE
#@Blackhat30
#@Defcon60
#@Defcon99
#@Fouty32
#@Huels43
#@Karpe73
#@Krist80
#@Kubic63
#@Lasvegas61
#@Omena88
#@Post05
#@Saler38
#@Whitehat87
#@murff1
#AK-19,Q
#Blackhat131
#Blackhat796
#Coma578
#Cuteako(
#Defcon221
#Defcon324
#Defcon753
#E$$>5[[
#F5RV
#Flak349
#H;(#NO$A
#J>Z@4#.C
#Korelogic574
#Lasvegas614
#Lasvegas927
#Leas983
#MZ4M@V=
#Many102
#O%I"/V"9
#O7V8G
#Rotl130
#Twat119
#Waps657
#Whitehat462
#XEVXZWT
#Y#V>+
#iverson<
#vegas358
$!2-.><P#
$!Burba3
$!Defcon53
$!Defcon91
$!Gappa8
$!Korelogic80
$!Tort98
$!Whitehat48
$!muzii4
$#Defcon54
$#Defcon97
$#Keck07
$#Lasvegas07
$#Lasvegas12
$#Mild14
$#Orban3
$$Bobbi2
$$Defcon12
$$Defcon15
$$Line64
$$Musk38
$$altew5
$%X4[VHFA
$'(LWY/
$*albee8
$*chhon0
$*stumb4
$-BQKIP)
$1OV9==&
$1\#@,2Q
$3DC,\;
$5T0X8#A:
$6F-8*
$8(<*\&C
$8DNX$=NB
$:892(E/
$:<C#;QZ\
$@Agnos7
$@Blackhat19
$@Bosk00
$@Dunk81
$@Lasvegas32
$@Lasvegas38
$@Whitehat80
$@Whitehat89
$@fluor8
$@kuhle4
$@towle0
$A(%O+5H,
$Blase22
$Clog524
$Connor40
$Facebook537
$Hall091
$Huts403
$Korelogic469
$LZB#E5E1
$Lasvegas660
$Lasvegas760
$M=\4ANZB
$Mild165
$Nazi830
$Oct2009
$Playboy/
$Prat194
$S;Y87/;*
$Surd547
$Whitehat287
$YLW@>6GG
$ZO*9H/+N
$eba$tian
$ept2009
$fores!
$t3ph4ny
$y1ve$ter
$}Facebook
%$korelogic
%%/D=6%@
%%Simpsons
%&B|ackha+
%+9Q0@I$
%+Sasuke
%,viviana
%1&&,R(Z
%3T%NZ0+2
%4D+0AZV
%8%J@$CV*
%8P-)6-4)
%9T(=K(1>
%@V=5%8VW
%A123456?
%Claudia\
%Dads057
%Defcon296
%Defcon366
%Defcon881
%Facebook483
%L8(6:#=
%Lall148
%Lasvegas128
%M>/@0(=
%Mariana`
%Mibs181
%Quoss8
%Sexy016
%X"=W
%X19UPU2
%XZ(,#
%`Korelogic
%{Facebook
%{Kor31ogic
&!Lasvegas
&!Q$&$[U
&$V&,<Z,
&%=)/(9X.
&(0E(JB)
&*\QX$*+
&,football
&13U0GH
&2##A>0.
&2(1.6UQ
&8ZV@:M.?
&91M3/%V
&;Facebook
&<57(7*<;
&A%)VV/E
&A[MX3
&B3;??
&February28
&Juliana*
&U+X6.,?
&Y4-7'1
&\>K8[#3
&\Shelly
&florida&
&{satsuma
&~Lasvegas
&~Lovely1
')6WW)ZL
'76+H,Y,\
'F\ZXY
'H=9P+':6
'\)09')0J
']Kristine
'ronaldo/
'thunder?
'vegas1991
'|Lasvegas
(#%09+9%G
(%?$*[9[
(&N3>5%)J
(-1ORR4X[
(/V.0:Q\B
(532&6ZT&
(9V<5WQU
(;5X9=/1
(@,ELHB=
(FW>72,(Z
(PDG=ICNG
(Q7\[$+)=
(V\RE3ATP
(ZA[58XF
(]La$Vega$
(october79
(phuts05
(secret02
(vegas1960
)!#7J+$47
)#.SY>R2
)%1*3%!I+
)+.\586#I
)-7?:W1Y
)-A*F/K@&
)-IX0L&A=
)-snickers
)18&WE6=3
)4<#[V
)4TY)I4<
)5EP+;S>
)7;QCG@%
)<%O[HZ%/
)=AY7=X!L
)>M6U0M2
)>XS[3\G!
)@SVJH15
)AK3$#!N4
)Q4>FG/2
)TZ$[,B&V
)Tempe1
)V249;\:
)]Roberto
*!keihl7
*#$2;A8V>
*$Effie1
*$Jeddo3
*$UC!#7=$
*(Z\J@XV1
*)*H3;RN.
*)Whitehat
**=X0,#>
*-[F5EH@
*.12A)!*@
*1-3/+#4
*3/X.%1:
*5TB2>%R
*6J9\O@8.
*6\7;#WTF
*8(%;W<[
*=*<=
*@dickens
*Aves147
*Daze934
*Deal821
*Defcon032
*Defcon071
*Defcon452
*Facebook180
*Facebook589
*Frag585
*Habu752
*Hledik3
*K;S7Y#M
*KWP$7A2#
*Lasvegas546
*Ljun2010
*Muon285
*Naan352
*Newme2009
*Ooze153
*Over325
*Rebecca^
*W7/6*SE>
*YU-ZBM!
*[,-Y>H[
*_korelogic
+$FW6XK
+$Miniroo
+%#6RV..
+(.:*!
+*%/WVZ
+*630+Z%7
+.$:$
+0.'2
+0MNVG7
+1CV4@#
+3S%WRKT$
+6V[0=689
+;2[YV9(
+<Defcon
+?Korelogic
+@;95<1P
+@<,[+;24
+April98
+B2=I
+L&,1D0LS
+U'1;+D
+VY5;K.+
+WV+9&:2
+WW$X=
+\Brittne
+allison&
+fnov2010
+november54
+~blackhat
,(1=?8#"
,)1+T/7@
,*494@0/
,-5N93*
,.6./U0
,0$YV5!2
,2\,3A)(1
,3<M*DNW-
,9K.2K
,;)*#(*\\
,;Lasvegas
,;lucky7
,<$/#,U@
,<9E%FIV
,<Korelogic
,=%Q)Z02>
,=='Z;%Q
,E)2+OC0
,February61
,J7.2A;Q
,October}
,Rebecca$
,S6YUV9FD
,XM<AM+10
,YU.3&)X
,[0.D(J<6
,_blackhat
,joshua1!
,loveyou<
,|Whitehat
-$%;!94O,
-%%F$9BM
-%*6+D??
-&1Q4
-'Whitehat
-(/D(/BW
-)QY?G
-+C[$%F8(
-+Korelogic
-+ilovehim
--&D1TO3N
--0,O
-0oli78u
-1/[8VVVO
-9)V*KB(,
-;+L=
-;G=+#13
-=%RQ6&&
-=-p[;'p
-=Korelogic
-=[p09i9
-@,,G+V+
-@/A-0I
-D*,9-X,
-GI=&[8Q
-M(8YA49
-NO3B)38K
-Q8[#(O66
-Tatiana<
-Vegas1986
-Wjun2010
-XBE<.7A/
-_Lasvegas
-november48
-p;/l/l,
-peaches!
-samsung.
-vegas242
-y(!#n(~
.#K>.
.$\4(J5([
.&Korelogic
.&[+58\>F
.(kor31ogic
.*Korelogic
.*ibmibm+
.+O#VY+9V
..2J=U&OI
.0123456\
.02,>>Z@\
.0R3%0E6$
.0V2T
.;B7@ckh@t
.;BGP4ZB
.<NVM,-V!
.>korelogic
.AW=X*T;-
.April26
.G8).2$,X
.J8NA[!4
.Onelove[
.V;WUBHA3
.Wichita1
.X6?J"
.Z3[H
.\0AH$WT9
.^apple
.jan2010
/#@B['X
/#A2L,F@
/$3Y$E<*
/%Rainbow
/&&$44=+
/&1G@3IZ
/&1S%,P>
/&;.=OZL5
/&>=8SJV.
/&F2AB=.
/,Chelsea
/3;,8Z*7
/3R,$54,C
/4X;VX4!O
/;-80JT7
/@><Z)%!
/A(=/1Z6U
/E8W8@IM0
/EW%;Q1V1
/\(91*
0'5<E1"2'
0)&O\,)
0)2:",(K
0*@N!#DG
0*VQFD#(
0,37"[';
00&Wi/sl
00000+mk
0000Robbi$
0013Ligia*
0014Dora#
0015Deann#
0016Juli*
0018Carly!
0018Kaye$
0018Mercy$
001Gammow
0023Mabel$
0024Edris#
0025Torri@
0026Betsy$
0027Zetta*
0029Lisha@
0029Sade#
0029Terri@
0032Ying#
0034Beata!
0035Janie$
0037Lora@
004!+ugr
0040Aleen$
0040Avis$
0040Yaeko!
0041Tish!
0042Genna#
0044Clara#
0049Eryn!
004Bay%#f
004TA;L
0053Marth!
0054Junie!
0056Haley$
0056Roni*
0058Leia$
0062Marie@
0063Greta@
006Kbahey
0072Naoma*
0073Gemma#
0079Shara*
0080Pilar!
0081NX!Y
0085Aaron*
0086Emely@
0087Edyth#
0088Milda!
0088Reda$
0089Gema#
0089Rocio!
008Chuca
008Jdepew
0092Myrl!
0094Nona#
0095Caron!
0095Chong*
0095Juan@
0095Muoi!
0097Ivey@
00Bucks1_
00Bulls7/
00Expos0'
00Jazz6(
00Magic4<
00Mets5/
01+Ritch
010#*uhb
0100Randa*
0100Trena#
0101Marlo!
0102Leesa!
0102Zulma@
0103Cleta*
0113Della#
0114Chana!
0116Cary*
0116Dwana!
0118Ashly*
011Ummse
0121Dayna#
0126John#
0127Cora*
0129Daryl$
0133Elvia*
0134Alona*
0136Usha#
0137Kiley!
0138Julie#
013Phbb$$
014$vh_i
0142Shyla*
0147Chan$
0147Haley*
0149Helen*
0150Micah!
0153Jude#
0154Cheri@
0156Eulah!
0157Cari#
0159Chia@
0164Theo*
0165Honey#
0167Britt$
0168Jetta@
0168Magan#
0169Carl$
016Cano@
016Navodi
0171Allen*
0171Anisa$
0171Josie$
0173Karri#
0175Onita*
0175Zora$
0176Alexa$
0176Sindy@
0180Marge@
0182Sonya*
0184Ivory*
018Gcscx
0190Luci$
0191Coral@
0192Nilda!
0196Malia*
019Br&onh
019Xwww$$
01;cccadm
01Bills9|
01Bucks1%
01Cubs3>
01Ducks1^
01Sep2009
02/swidth
0202Dixie*
0203Ceola*
0208Elly*
020Vlsi's
020\stli
0212Deann!
0212Ellan*
0213Dayna$
0218Chia!
0219Della$
0219Fern*
022009gmat#
0220Irene@
0221Alise$
0223Mara#
0224Ilse*
0224Izola!
0232Tona@
0233Dedra@
0233Sonja@
0236Rosa#
0238Alix$
023Minaro
023Palma
0240Mana#
0244Shira#
0249Olene*
0255Kyra#
025@ukl^u
0260Marta$
0262Gwyn*
0263Lela@
0268Meryl#
0269Petra$
0271Katia@
0273Emely*
0274Nadia*
0275Sina@
0276Cassy#
0277Jose*
0278Daryl$
0278Ilene!
0278Torri!
0279Alina#
027Maigne
028,G$KI
0282Nedra@
0284Kandy$
0286Tonya#
0287Neda@
028Sagitt
0290Genny*
0291Keli*
0293Jill@
0295Carri*
0296Letty$
0297Keli$
0298Sabra!
0299Ellyn!
029Turbo\
02Blues7,
02Expos3[
02Gazzo?
02Magic4)
02Nets4'
02Nwrdc]
02Reds4[
02Reds4{
02Spurs5%
02Stars5'
02`Esegif
02}Name's
0303Angle*
0305Illa#
0305Jesse@
0305Madie$
0306Renee@
0308Angla$
030Mardit
0310Elba#
0312Tayna*
0317Elvie*
0317Huong!
0318Renna!
0319Chun$
0319Reena!
031Ijvert
0320Maris*
0320Sage*
0321Jenee!
0321Marg@
0322Eddie@
0322Rheba!
0326Gina@
0328Reena#
0328Tomi@
0329Enda$
032Jonny@
032Ralft
0330Kasie$
0332Inge@
0332Lexie#
0337Lore#
0339Erma@
033Ddotr
033Jf@jun
0341Melda#
0342Elise@
0342Marni$
0343Adena$
0343Hong@
0346Kerri@
0348Irma@
0349Fawn$
0352Dinah@
0352Juana@
0352Merri$
0353Jodie*
0353Yael@
0359Gail$
0359Gwen*
0359Meri$
0365Royce!
0368Adele$
0369Ivey@
0370Katy#
0371Loida#
0371Rubie@
0372Anya#
0373Cammy*
0373Yuki#
0378Onita$
0379Magda*
0382Cleta@
0383Eryn!
0386Jenni*
0386Jutta!
0388Adele@
0388Audie@
0388Belva!
038Guyon
038Schev
0390Lean#
0393Suzan$
0396Alene$
039Nsio`n
03=,0</,S
03Bears6,
03Jazz5$
03K#K9ZV9
03Magic3=
03d0!$8P
03dm@aug
03{Adatec
04*Rushka
0400Kaley!
0406Ella*
0409Kyung#
0410Gayle@
0410Raye@
0412Delma#
0413Meri*
0414Meryl$
0420Elvie$
0422Bibi@
0422Elane!
0426Lexie*
0428Milly!
0429Alva#
0434Velma$
0437Treva!
0440Erin*
0440Gene*
0441Micha@
0444Ellan@
0444Elois$
0444Rana!
0447Kyung*
0447Theo#
044Pbray
044Silvar
0450Luisa@
0450Melva!
0451Mamie@
0452Kathy*
0456Ivana$
0456Ronda!
0458Blair@
0458Jenny*
0458Somer$
0459Tatum*
045Cenai
045N-lan
0460Jolyn*
0460Kary*
0463Kera*
0467Nida*
0470Alita!
0473Tonya#
0474Loni#
0475Randy$
0495Deena#
0497Adele#
0499Denae$
0499Malia*
04Bears2[
04Bucks8_
04Hawks1<
04Jazz1}
04Spurs5.
04Stars3,
04Suns3'
04tv{tt]
05-penn#
0502Jonie@
0503Leah$
0519Iola@
0523Lory$
0524Ngoc!
0526Theo$
0526Zola#
0530Iola*
0532Suzi!
0558Ione!
0559Soon@
056Hgty*
0572Tama*
0576Eryn@
0584Tora#
0586Myra*
0589Amee#
0598Ivey*
0598Keli#
05;5X#4CW
05Chris]
05Ducks0.
05Kings9.
05Magic9>
05Mets3!
05Suns2[
05Suns3/
05Suns9,
05Union0<
05Wr&(yg
05\Cssrjs
06#Qpliu
06.Xroff
0603!alic
061%#dk^!
0611Jona#
0612Lala@
061Kupa$
061Pari@s
0632Maud$
0652Reta!
0661Alix#
0663Liza$
0664Kera!
0664Noma$
0667Joya@
0668Judi$
0678Floy!
0679Nona@
067Nikon
0680Roni*
0684Yael@
0693Star$
0693Tyra@
0696Riva@
06Bills9#
06Bucks3-
06Cubs1+
06Ducks9/
06Hawks0<
06Hawks4,
06Kimac~
06Lions8*
06Patan>
07#Elppit
07+itnyre
0702More#
071Shaila
0721Eden*
072Njore
0730Ozie!
0734Bree$
0739Enid@
073Fggcy
073Namers
073Vlx#$
0746Lita!
0748Loni*
0748Reba#
074WN1,)
075Shrja
076Avsedd
076Zimna
077Ndship
0783Kyle*
0786Hong#
078Flamal
0794Lara@
079Praslu
07<Tmavor
07Blues0+
07Colts6&
07Twins5>
0804Sona@
0811Neva*
0814Lise@
081Fall&
0822Rita#
0833Jody*
0835ZI>
0836Cher#
0839Cami*
083Gb$#t
0842Fred@
0843Hyon*
0851Hanh#
0867Chau#
086Numfor
0870Jena$
0873Kimi!
087Ezggq
0883Lily*
0889Cleo#
088Vesken
0896Etha@
089Pjkl;
08Monday*
08Shon]
08]coemod
08tgales
08~Paulj
09*Pregap
0900Tori@
0902Rema!
090['pli
0914Xiao!
0916Mona$
095At-kun
095Hayed
096Opl-ui
097Augu*
09876+588
099Iurl$$
09<jsaker
09A\72V#\
09Dada!*
09Isseis
09Jngr$,
09zafrir
0>#JA+517
0A>+8
0C5\6S4M)
0E#26G;1-
0F*9\D=0>
0F8+L(1W.
0KiOnM56
0QjUBHqe
0W$*R=IL
0Y(A/%.-=
0[()&/#;+
0[R,RUF5
0oklkjmk
0ug2010ust
0ugu2010st
0z7N6hdS
1!'R=*">E
1!E\A<;
1)V47Y,5
1,,QY)0Z/
1./83\6-
10.18.1.1
10.V/)&
100Phcii
10202009lD
103Juan\
105Od@jun
1063Tibex
106Intro
106McShh
109Kilin
10july2005
10july30
10{xloads
11*suzaki
110Grah!
110Rculy
11111G98
11111S69
113Erking
114Tracci
116Dayeat
116Shutul
117Hacarp
1192009!lD
11a12009
11~Tvurc
12%sitbai
12*REC/F
12010)
121Vakuum
12345626<
12345A(3
124Cmdptr
128Mnd@y!
12]3qwe50
12^hwajin
13+Izot's
132Veldig
133Sobill
138Libsms
139Wa\ycd
13Aters~
13Pe@ce]
13nominy
14%Lviinn
140#>*@W<
140Anunez
140Pocock
140Santly
143Veckan
144Innspm
144Sew'rs
146Alvesj
147Namous
148Karro@
14G\jec#
14Xn%%u>
14bee's{
14cliuum
15'Keebee
150Uzbksc
151)fcope
151Onecol
151Textup
154Cospel
156,.+<v.
156Guille
156Nwoord
1593576@
15\pianny
15july86
15ratier
16$Ymaol
16%Indexq
16rscope
16|Tnuah
16~Smalti
17#^uyq\
17'feasor
17*Katy's
17/TT1@s
17]Loftys
17^Tamux
17~ukacrl
18+Ehenry
18^jazyky
18sia!W7
19#Xnguvj
19%Objptr
1952pxsg
1954smbv
1955dxwp
1961mjjn
1962xnsi
1965hnzg
1967nizj
1969mqgr
1971dzwj
1972hoig
1975jxee
1976bxvg
1976imth
1977evkm
197<,2F6-
1980bwoh
1981bzmq
1984oduv
1984sqoh
1986oyra
1986vyvd
1988cbfp
1989cpdf
1989oojo
1989vnkr
1991grjt
1992aboh
1994pxhk
1995armj
1995ccxn
1995thvh
1997epjs
1997omls
1997rffc
1998dooh
19lbrak~
1>.[4D@I5
1@$#A%/W<
1A5VegA5
1BY7(H+&
1DU[);H
1EFXQ5OM;
1H'6&
1I9C-+<M
1MM3;/=7
1MWA##56
1R-W(((9+
1RJ\*WJ.S
1S6/W%57
1U4CkMpL
1V#X636M
1ZA2(R':
1[[$%&,44
1bYEnyzj
1cTGz5f1
1e2iR+6
1spinosa
1tchy_3y3!
1ugu2010$t
1wYz5MPi
2)O;*0E)T
2*\*;!#\
2-U3@S$\-
2003tlio
2003zvrq
2004yjwf
2005eyaa
2005hexm
200903Feb!21
2009790c
2009Abcd
2009Fall3!
2009chix
2009qybe
2009rktd
2009sep$
2010Bal
2010Bapat
2010Kekre
2010M0rch
2010Sah
2010Simi
2010Tawde
2010uzlx
2010xlfr
2011zfjl
2012yvfv
2013tpdj
2013yfes
2014ggph
2014ugwq
2015bkdq
2015cimd
2015yzvc
2016ivey
2017quqb
2018nejp
2019bmtk
20>Bugsha
20[schawk
20jbly#d
20july96
20~Sscvx
21%Egrkih
21)Chzdeq
21E[BORN
21july75
21wsdwse
22#@5&>@/
222222K77
22August67
22Gr|da&
22Paintr
22theo;
22}Sydex
23%tylvq
23*Entres
23<Fbctrl
23<kappco
23[Faucre
23`mexus
23reid#
23wqsaws
24#<%*"(#
24+Akelas
24-Szyld
24=Fprec
24chung#
25\mupsy
25]Storem
26#Mr-gw
26%Expimp
26Rt$$a&
26nwzxq_
26{Lztcaw
26|hkljl
27;Itersd
27<Uselss
27D}ligt
27~Opcnt
27~Shinda
28!kogle
28&CHowM
28Y!L8U-5
29@Oatie
29Dejuan
29^Strote
29fontz?
2@O1/X!7
2A&L;
2AU4-C
2B4/\DVF
2Ezoj4aL
2February68
2H*2/A,,.
2I5ZV!>+
2O2WWkeh
2O9QQ1!<
2WZ8ZX!?>
2[<5E#F
2[>P>3
2e4rerfg
2fmYoSe8
2hNQbKWl
2ouKfGOo
2qw3esed
2wdr4e4t
2zHQzgvr
3&X'\4;YK
3)&WGJ,\
3+B$BVF=
3.august
3021Fekta
30>t-mail
30H=T;*$
30cy^+b$
30july74
31,Mongar
31^cubtp
31{plymax
32*inngvv
321`1`qs
3241Ece#!
32I-apl?
32Popcli
32qwaqwd
32|Yloop
33#comia
33&Etaiva
33333395_
33WA<$#D2
33[Ischr
33_Rocteo
33yideu>
33zrvett
34*Weissh
34=Benida
34A!47[#!
34Aif-b/
34RW8pII
34Scott<
34esqazs
35%Legmen
35*>/2.,<
35;W(0<O
35Dirksm
35_fLmti
36.Masbah
36;Ohsie
36Pcmw${
36_Fdsik
373onora
37<eiidt
37[garble
37`Fbputs
37`ctlmod
38(Cmspsy
38,Insptr
38=Kramds
38Fixeu_
38Trtr-~
38takash
3964Serut
39?schlo
39Cbarr)
3;D%-;6L$
3=H4>544Z
3?Z+#JY)K
3A#*#PY$%
3A44:!\Y
3I[/=;T%[
3K@T9($X8
3LiPYoqB
3P!@XZ[1
3Ri88lUJ
3XJy2xGY
3ZFW5nVJ
3doPzyHH
3erdswsc
3iPx5s76
3mHKmqy9
3march12
3may92
3mm4lin3
3rmv1V7g
3wq1w1`1
4%!)2@>5'
4%Y)T-4!/
4&VBOX994
4)6-.R;N
4*#$$)S>
4-.:B:
4-\:V9=$'
4/;7Q*I>
4/<P,@=Y
40!ltaddr
40%A4tray
40W9H>&MB
40listik
40}jmaybe
41$Tekats
4198Sunws
41<sothj
41@Pa2hbn
41Ail-ci
41[cdale
41_D8vqd
41swtec%
41}Skibo
437Z4&)(
43Oxh|j}
43]pisera
43btrent
4444*4440
44;Iconet
44Luator
44bckpd@
44|Imdda
45&Smbau
45-Eltneg
45-Jullin
45Huilte
45r4rdw3
45~pshlib
46$Cvedg
47;Iacesp
47Noble[
47Rivis>
47]Tkldk
48%khunds
481C!%<
48@Guansd
48akula?
4910onkt$
49;ethink
49Mgiwer
49]Amlcds
49js^sg~
49ok*xe(
4;J;T667,
4As9xwnb
4BsLhgVX
4CXT0e4v
4G+Z+<6K+
4G7pYO1T
4HV!A$!BV
4LXRB42
4O<A1+
4QcQzgyn
4SG>82BC
4YTD9mV8
4[;?C@
4e7x0QCY
4h6wZDVo
4i2cBu4
4rgfe3w3
4rieman
4tgbgnm,
4ty7u8il
4wMGduqE
5#UU2@6!;
5%U#\5$P1
5(1GCG1=\
5,BRX2HKI
5-C.#\
502+L
50:V)6SI
50E==nm-
50Licam*
50^Boyter
50cent}7
51%Socsci
51>CKIrt
52*-Q7!>I
525.,Y5[
52>Thieu
52Mulde$
52vx$%t.
52}Censym
52}Pplca
53%sgINNn
53(Unies
53;Pirana
53<Ekeho
53`wofsey
53{Absfx
54(Autro
54(Sayst
54321S/1
54321}we
54[Folkx
54}Levert
55!Uvdfrg
55&Maroun
555<5586
55Fmmmat
55Srkma~
55[Co-Ed
56`Acople
56`fnbio
56ui8u8u
56}Turgay
57,xperm
574iz0Yc
57@WW-NET
57Tniap{
57]Ueqty
57]Ujcvq
58)Inamhi
5827Ngals
59=xemode
59[Imposd
59~Chsert
5<LXYDL)V
5=ZA\6S6
5@%L%0Z<T
5C4A.#>
5CDe2kvt
5F.0+.
5IME63qv
5J">!Z
5M:#2&S0!
5November88
5T\15/2I<
5X5<I+4$*
5Y9ljV0k
5ZMb2WD1
5aS82p5g
5bYzR3K8
5cLXjwV6
5december83
5feb2010
5gdWIEeH
5ma8qrK9
5rgtyu6y
5rgvghu6
5tmQYG89
5yghjkji
6!Q+=&,;
6"&F2M?
6"@8(W[;
6$3&028(2
6*05*3)@$
6*@T+ZZO
6-W=:
6.Mai_2009
60+Puking
60,KB4EUX
60.Segwun
6045seest
60_worths
61-Cm/ny
6158#k%q&
61888
61=oct!}
61_Lviinn
61amos%
61wbest}
62/Acurus
62[idcdd
62`Alums
63#25&S
63;7VZ4%,
63<Sunilg
63cawam,
64+axdcbc
642010>
64Ezf$l\
65!seetam
6538#b^#q
65\F><3=!
65~Hphmac
66%Ssmic
66*Lyssas
66.Xqtemp
66@AND-OR
66_mottm
66}Sugnuf
67-held^
67?Tracey
68(Kbomar
68@Vdkgu
69%ohbong
69+Verbo
6938sweek
69692010\
69~Ainnf
6;.?3N19
6<08\C[2
6D&:UT.5?
6Eke8cGE
6Ft091mR
6Imrx2z3
6JYV-
6LIY%O5+.
6O60/<Y6Q
6RnB9Tgc
6UlF1osR
6V9,I8*0>
6Y,19WR88
6[,Y1
6\44J(Z>.
6\6$NV48D
6auXrrHx
6botten
6ffMnUGk
6mGlrcU
6qDX4EPh
6stouch
6tghbfcd
6ujy6t67
6wnXwNk9
7!8S6*
7#(P/&1<%
7&FSFJ8:
7&\)</G;9
7-Y869CP
7.U1<-A"B
7.ZGZ$
7/4<4L:7
70)Chsgk
70=DFAS-C
70APjVG
70\Flpoll
70~tehkan
71!Setmem
71!fLpipe
7148|dsle
71CD9TMy
71`patpik
71~Tsfaqn
72,earlon
72@B1F6;
72M7+94)@
72`Loth's
73-Stipw
73/Voklsm
73_Durlan
73_Hsubma
73_gjhhr
74(E2big
74,Ccares
74>gdscom
74Cyril*
74{mcesd
75%Thirls
75+armful
7571Sllim
75OXQ&5$
75]rwtime
76!Nsinet
76&BACM-P
76&dsnsun
76t6t6tf
76|Hittle
77!Kcots
77!Viraro
77=Slnobl
77CK+1CE
7838gladu
787uko0[
78Fong$}
78drew(
78july01
79;Rahmah
79|Zjiang
79~dmodem
7;-NCZ
7<@**95*#
7>V<#.IM0
7ACU*@@DZ
7F*>H.A&
7J&+YOZ+,
7July98
7K99.WA.%
7MQQ&#;L&
7N!)4V&S:
7NRir5mg
7OilGhsy
7Z46*P[)4
7[*AE,7>4
7[X!(YZBX
7\$/>%=!
7a5vega5
7brenden
7catlett
7kUqu6od
7marsaw
7q4CvTTe
7uEtYjii
7uhuilio
7yju6yhj
7ytyhthn
8#=&!>1YH
8,H21$!5H
8.%G2&,;W
80%Hleal
808+August
80B+7(O
81+Fecum
8151Mwano
82>AYNWB
82?Mousse
82VZoKbb
8324(nehv
83^%!or|
8430xcult
8496ihs>m
85(Hilroy
85*Chbox
85>Owhadi
85?reaal
86'(A/
86'Catti
86-Nbsac
86-Scihp
87#XY.Q(%
8768Texta
87Gronds
87[Tetko
88*Iacuc
88Lanny|
89/Elend
89Bret(
89Worksu
89[Edmoy
89\Ficoes
89|Jbardt
8;3KR&DVC
8A)2'3>WD
8AN#+&@\A
8Feb2010
8February06
8H.,DW@\
8HSFK,(L5
8HoU3bKn
8NdZjZGD
8R>Z%@5;
8W>A180G
8Y>)X1G7E
8heNraa2
8igW0JbG
8io87y7u
8uki78ij
9!H**VA>V
9##;&X2-M
9#Dec2010
9$(&Y
9(6[=J&YJ
9+2;.)\[
90&Smarg
90.Heraus
90?Neskhi
90{Sdeane
91!Bfdean
91#Hctolb
91=ytval
91Chirpa
91Mrcm#%
91|Aspik
92-Sydrd
92Footb|
93.Ixtra
93<Tizite
93@Dev/vx
93@Ifjpu
93[Matvey
94&YY2#E;
94<amisox
94>Fbyrne
94>Newtok
94Werla'
94`Iemsi
95+Dutdhp
95+einen
950,SLF<;
95JWEsHA
96(fsmnt
96)CGtEtn
96*dyring
96Barry]
96Ftn-p#
96[duitvl
96\vegcd
96{Remask
96{galpin
97(Maruko
972010[
97]Mleach
98%Inndmv
987654N83
98Kthj!%
98LJB;D+
9900Polch
9978Phous
99;Modedb
99Braunl
99X[;+&=
99_candis
9<3EY.JPL
9>D@"1
9AQXU
9B5V0<;*6
9BfLgWjw
9Bgf9r1i
9D/*T1#1(
9December65
9F(&YH.N
9RSe2gg4
9X\+D*IW;
9Y,,KT\SS
9aJKYtaz
9feb2010
9n5A3NX1
9qOF7qk4
:"2PWX,N
:'*(2:NZ
:*FW9"."
:-gabriel
:5PY&N=D
:7@B7@'2
:BQ.+5Z/F
:DX&</'/
:E)F).45
:Vegas1978
;#$7?17W
;&FX5>[$%
;'=8TX2
;'Defcon
;(Whi+eh4+
;)Korelogic
;*;9R\[7
;.8l4ckh4t
;/tatiana
;2/&B4
;2E[G+;6
;2S>/,7
;82(!+
;8=Q<H-!
;8V$./5\
;94B70+9O
;<F.U@"
;=lasvegas
;@!Z@G9F<
;Antonio;
;E.RA##(
;G;9Y2$5
;JNW?.
;January87
;K1$X#1'
;KXT6;,.I
;March
;\20X;&;
;\b|4ckh4t
;^Lasvegas
;bianca69
<$A5#4S[
<&loverboy
<&precious
<,flaming
<-&0%
</L10).
<56,?<P
<6)9S>B,R
<6?"[$4*/
<9I>M(3M&
<C-D.@W,%
<F;[&%V3!
<J(76/&:
<Lovely1>
<M.>O+#'2
<V+Y)7[+
<Vegas701
<W$GY0!.
<Z((7O/;6
<beatriz`
=#X4V@W(
=$F=(8J
=$defcon
=&.A65#T@
=&L@sveg@s
=*/XB5*TH
=+5U>PR$
=+Kore1og1c
=,=%):3%
=.!a$vega$
=0123456|
=2ZQ51-X
=8BF%[YG
=9%D'$5I=
=:AV[(5A
=;Blackhat
=>R*<PN,+
=A;2,9>>Z
=B+,N=C2
=BJX0,%[E
=DYX3V)YP
=February53
=G674-><
=Hoeke7
=KJ+,8A,A
=Money54
=N@*,>
=P20\&):
=RU-&A1[!
=UA8Z
=UH9>F@$F
=VH.(9O-
=XZV4X
=Z-=#\X-.
=|sunshine
>!A6[=
>$9(<@</
>&9969
>(4O%(>P
>(F/0V\7
>)"L/0'
>*Lasvegas
>,79!*65\
>-+/RBPWZ
>-.8)&84#
>.QR<9\2
>/<[K0
>0[/XW7X
>414%GA;;
>5,NZZ>>#
>521)@\H
>87&40D2
>Dec2010
>HBZ)X91/
>July35
>Quean78
>[1;339=A
>[lollipop
>\D)A;GS
>bananas!
>charles#
>~8l4ckh4t
?%Korelogic
?.Angels
?00<LQA
?5#MM2;;
?=<SY4
?K$1"$0
?M9?!;$1+
?SOA>3;<
?X=D8OS:
?march27
@!Adds13
@!Cist27
@!Dusik59
@!McLin74
@!Mobus46
@!Navin71
@!Okura30
@!Rolen82
@!T=A+\7L
@!Whitehat00
@!foggs3
@!furrs8
@!pyfer4
@#Cihak70
@#Defcon76
@#Dobek36
@#Facebook21
@#Woock65
@#elina1
@#grin65
@#iris26
@#lafay8
@#oxner8
@$Defcon99
@$Emeru49
@$Iron64
@$Lacki40
@$Lapar06
@$Lasvegas90
@$McHan0
@$Raoof7
@$Rompf24
@$Salge45
@$ahoy54
@$jane40
@$toad47
@%W3!#77E
@(2VJ\;&(
@(:Z#BZ!
@*47>=B3
@+/!9RF88
@./871Z[2
@.X/I9=L-
@/-<6*@-#
@/U<-=+=E
@/YXDR&6
@2010ugu8t
@6YJY/T%
@:4V%;(.+
@=,@;&+\=
@=6S-IZ>R
@@Blackhat61
@@Dizon27
@@Ganze8
@@Gloss41
@@Groom59
@@Hyche58
@@Korelogic82
@@Louks5
@@Uledi18
@Abigail|
@BY=?
@Blackhat508
@Charles<
@D#%0$<Y
@Defcon177
@Defcon993
@Facebook955
@Jink645
@K/8X6Z;
@K0*&.A9P
@Lasvegas745
@Lube997
@Poke615
@Prau691
@Reck195
@S>RK88O7
@ST(*1/L9
@Scooter|
@Whitehat085
@Whitehat175
@\>4+4PK/
@lovely1[
@{Korelogic
@}LasVegas
A#F&Z@J4Z
A&V6X@KA0
A&XP%79.
A-OJ(=P,9
A.N29+6J
A/BD*W.(P
A/Q&QPIT;
A/c000869
A08=/RT3
A1sQ2jYs
A5pP6YoW
A6/@W5>\
A8*YNN$&
A80T4RMC
A8F9X@#@4
A8YZ;#7#
A;.7-WW1
A<:,VLZ2
A>XZ<0UJ3
AC=KQ%,$<
AD%[BU+%
AIDen2009*
AIWQ\(T<
AKjuly130
ALAIRI00
ALAK7$7i
ALAZE392
ALBBS1MM
ALEM1Al!
ALF1!tck
ALMLKN64
ALOSH300
ALVey03!
AM2009nov
ANA4$#3y
ANAIY2$r
ANAK#a08
ANAM05aa
ANDDOO37
ANDI1906
ANE1#bay
ANEP0587
ANGH@ne3
ANJ8$NaT
ANJADIND
ANTLER05
APqYwex8
AT.LY<#-
AT78P.SP
AUGUST*187
AUGUST2005!
AUQVvvZ
Aaaaaa15-
Acgu2019
Acura1986
Agaz0639
Agf2010[
Ahmo$0506
Ail'st&
Ajk004198
Ajul2010
AkRR7w6v
Akins(270
Akira2009a7
Akron/)`
Al200999!oct
Alcose=r5
Alfo05as
Alfson6
Alfy013!
Alina1952
Alivina3
Allen@%
Alton Bay
Alve.raz0
Am%emiya9
Amanda50;
Amazon.net
Amazon.org
Amber=xj
AmberU63
Amiky33!
Amjq1994
Amm!05ja
Amm!2m24
Amm!2mur
Amm!xx15
Ammie227
Anatelam
Andris24
Anetiss2
Angelo8|
AngieS7+
Anix!07#
Ansily30
Antio<ch1
Antuanal
Ap079114
Apache1985
Apaptane
Apb000894
Apoda&ce0
Aposam05
Apple$ys
Apr$st17
AprilT}
Aptimbly
Areha~no3
Argv^4227
Arshitec
Aruthi16
Asda2551
Ask4714!
Aspnante
Asshus20
Atcq1169
Athens`1
Atke1951
Atlan`ta1
Atr2010e
Au76016!
Au78112!
Au7J$!35
AuGuSt15
Auakko1!
Aubs207$
Audlow1$
Aug!c$4y
AugTest!@#
August$2
August()_+
August01!
August2012
August2819732
August@3
August@5
Augustmm
Augusto123
Augusttime06
Auko121!
Aurora\-.
Auscr3ad
Austim2!
Austin~,=
Ava*2009
Avaya$_(
Avent2013
Axsc!3120
A|madon7
B$Y@/#TJ
B(oomer00
B0O[,-VYQ
B15pcTRG
B3+@>@++
B3E$@5&(
B3MQbgxh
B5VH3nsr
B6UVmdxq
B7AcKhA+
B<&8H2\8X
B=ohrn7
B@Y.X9Y<&
BAI$b4ca
BAI$ls23
BAIDS5$n
BALA2836
BALY2277
BAMMAR20
BAN6P
BARKvs1!
BASI2215
BAT1!@Md
BATHER88
BAYA#a48
BAYC$%9h
BAYSTE12
BFSqt9Ip
BKS=D,
BKvegas@
BOGb$$47
BOGb$06!
BOWE%$9g
BOWW$89a
BP9\(
BR0W%!6h
BR112/6!
BR1PJMa$
BR@N1v19
BR@SH2nc
BR@Sc041
BR@Sed88
BR@Sks18
BR@TELOW
BR@TZ20a
BR@Ton98
BR@VIDY%
BR@VOCK2
BR@bmay5
BR@c3rmc
BR@cb175
BR@ce410
BR@cy563
BR@cy575
BR@cybr4
BR@nty09
BR@sep07
BR@sox60
BRADISH5
BRAYDA85
BREB1TS3
BRIB1Exi
BROB6FRI
BRUMZa#2
BRUS06pg
BRUZ2137
BRYB%8Vg
BRYC$3pr
BRiS$3$%
BRiS$831
BRiT!13!
BRipse09
B\lackhat1940
B_urgees8
Ba2010ins
Babel_894
Babuni2009
Babyd140
Babysam2009!
Badaytic
Bahl$21
Balies1!
Bamby08$
Ban24319
Barb+ish0
Barro!4J
Barsh_025
Batented
BatmanJ95
Baynn23!
Bblq1991
Be)aumont1
Bear2010"
Bedsole(9
Bejg1988
Bella=ch
Belm!687
Belu)e9
Bergs]ma5
Berg~in9
Berkel~ey1
Berri^en6
Beydle]r4
Bhalla@.
Big Ridge
Bigdick#/
Bigmy10!
Bikkk101
Bilasuet
Billanan
Birelucu
Biteme95=
Bithay3!
Bitioria
Bittel!78
Bl0v!#11
Bl0v#2#2
Bl104/(!
Bl12004!
Bl224478
BlA2##03
BlA2#3#5
BlA2#a17
BlA2$LA8
BlA2nn1!
BlA7%%11
BlAe%122
BlAe%8Wb
BlAn!409
BlAn!595
Black2010+
Blackh)at1
Blainits
Blaklm1!
Bleeks84
Bless1979
Blies+e8
Blj2010|
Blovebug#2
Blue Jays
Bnv2010>
Bo>uquin8
Bobby$jr
Bobigusz
Bobo0689
Bolland4
Bolock06
Bonco13!
Bonker\43
Bonten99
Boreks98
Borollas
Boron$at2
Boseashy
Boston.?'
Bot^cher7
Bougie4
Boulg]er3
Bownill2
Bowwow15)
Bqj000891
Br096040
Br3se18!
Br@c7771
Br@g!!13
Br@jc09$
Br@s1904
Braeburn
Brak(2667
Brasil2011
Brdm_1713
Bre!ve79
Bresai25
Brjf4AW
Brnaba$
Brod3rick
Broich!43
Brretr*
Brux@2120
Bryn1181
Buceck9!
Budg0n$5
Budi0382
Buffalo|1
Buffal~o1
Bug!2200
Bug!2224
Bulth05!
Bunel114
Bunell32
Bursl&ey9
BusterI17
Byard/820
BzyB2009*
B|AcKHAt
B|AckHat
C!%78911
C!()JZB53
C#112009
C2ghHL4f
C9may2010
C<arreon8
C@.8?*#
CABR!$2b
CACb$!11
CACb$$9b
CACb$880
CALDO$5o
CANC!n52
CARM#7kb
CAT1!tel
CD04ly1!
CDE#vy64
CDERY2$w
CDR%1abc
CDR%ce14
CDR%nha2
CDR@4cll
CDS4$gil
CDT1!es!
CDTW!%8p
CDUK$3pd
CDag0n$3
CDancy$1
CDeA$%82
CDeA$121
CH1A!5Ge
CH3Rb$31
CHONZa#8
CHRiv!08
CHY0n04$
CHcKb39P
CJZjuly200(
CJZjuly200*
CM3NSDM,
COODY2$w
COSH09$w
COUc#%1R
COUc#567
COWW$4ff
C[.>OH;7F
C\Y=H
Ca+lixto8
Ca/lhaun8
Ca;roway6
Cadd#ell2
Caish06$
Callej,a1
Calvet#;
Camila2019
Campe@ll6
Candy`mu
Caph0601
Captain2010)
Car0l|ne
Caridd(i0
Cary-*!
Case`lla2
Casey06!
Caxr1999
Ccasewn}>
Ccu2010#
Ccys%0264
Cdcm1831
Ch@d$#23
Ch@d1524
Ch@f2961
Ch@jus06
Ch@ndog2
Ch@soy51
Ch@vm451
ChachaV95
ChanceH28
Chant)ha4
Cheda'001
Chfybl@
Chi=chi99
Cho(at3
Chris=xi
Cimi1983
Ciws0057
Cjustin1;5
Cla>vijo0
Clc1713!
Clela^nd4
CloseStore2009
Clukey_37
Clyy$%3O
Cnov2010
Co/rdone8
Cold*2009
Colima-2009
Columbi/a1
Comarion@7
Comet2018
Comp[aq30
Con;well4
Contreras
Coontz)41
Cooper34[
Corona$\\
Corona)|_
Courie
Covin_584
Cowee!154
CpE7llXD
Cpc000405
Cr2a#3308
Crays^80
Crazy[ch
Creeh=an8
Crelia{52
Cri$t0ba1
Cri$t0pher
Cri+tzer5
Cryia!!4
Crystal2010!
Crz4may!
Cr|st|n@
CtGX0Dmw
Cuj!!b04
Cuj!5!!4
Cujie06!
Culbe;rt3
Culli{ty2
Cump!352
Cunyvm^(
Curo107#
Cusia!04
Cutie_ot
Cydf_0544
C~usick1
D*(N[!(;8
D*AN(P?
D-&@DR=.A
D018&
D0FX/A!P8
D3(NBT-LJ
D3FcON
D9631
D@HX[4
DCAA&\J.
DJ8X;
DL2YY4wE
DOAIiI2r
DOvegas&
DQZ*CG<[.
DV#7JWP6
DX%[A1M.-
D[+D<
Dagner!87
DanceY+2
Dang$37
Dann#93
Darg2010e
Darken#
Darsey!45
David@ga
DavidR31
De&fcon2011
De-fcon1
Def2010con
Defc\on2000
Defcon#2016
Defcon(1
Deitz^336
Demai(re7
Deneva*
Denn&is20
Depew`307
Derik1997
Deuser#6
Devfacebook
Devs)5954
Deze{nzo1
Dfreedom!8
Dhas1979
DianaJ-2
Dig!hton0
Digitm^}
Dimarino
DlVo5G9X
Dn's$5281
Dng2010[
Dnmc1995
Doctor2010<
Dold|771
Dollar$&Cents
Domdir&
Donald19+
Donl&yuk6
Dor000357
Doubleclick.com
Dowdall@2
Downey&%{
Downey,@(
Dpokemon@1
Dpw000180
Dreams-50
Drew}166
Drivas+76
Dubey2010
Dublin1972
Ducay*ne2
Dulatr+e5
Dullen8
Dunnfield
Durham<)^
Durn[ing6
Dutt2010a
Duxbury4
Dyjy1964
E#N=?I13Q
E$6RJIVW
E&zb#0209
E((RI9;)+
E=P%,)D)
EAgwhkR
EAvegas-
ECvegas-
EFebruary02
EKvegas)
EMvegas(
ENovember23
ESekZ5SY
E`nglund9
Eaoj2005
Eaxp%2779
Eb3PjBHd
EbnQkBp9
Ec@sep%/
Ecsu&7651
Edom!3012
Ejessica6
Ejyl2000
El Padro
El+aine67
ElPaso@!>
Elgin/]>
Elgin\{'
ElkGrov@e1
Elkhorn2009
Ella-2009
Ellw@ein7
Elyk%6970
Emert!506
EmilyU>9
Emma!ine
Emmr1986
Ephr`iam3
EqI6i7J
Erastus1
Erika`ly
Erke+793
Erme!ind4
Escondida
Esp000958
Estrela$9
E|woldt2
E}lkGrove1
F!5D888.W
F%(&GG;&
F(5W(
F2@%VN0VY
F4CeB00k
FAc3BooK
FAcEB00K
FLXfU6L
FMvegas^
FR!d@yy
FRid4yP
FS*0-DN8*
FSNg3euH
FWvegas`
FacEbOok
Facebo'ok2019
Facebook-1977
Farnam&
Farwell9
Feagi!ns5
FebruaryD`T
FebruarybOj
Felicas
Felts&363
Felv*2246
Fffh0610
Fhh3fSk
Fig{uroa8
Fiv002335
Fla(gg8
Fleishman
Flfn1967
Flim*5321
Flo`ta89
Flood2009
Fmj002580
Fmonster7
Fnothing{2
Foedae&
Fort Lynn
Foxfield
Fp890RbL
Fr4nc3$c0
Fr4nce$c0
Franc3$c0
Frasier]]
Fre(mont1
Fresno-%,
Fresno={]
Fsv002043
Fvd2010;
Fxmj1978
Fy86fLWg
Fzwn1993
G,Z(#8,;X
G.arland1
G/cm%3745
G0O2+K==
G1sSWyNR
G3org3tt@
G4;I&J
G6+>Y)1$;
G602OOY;.
G7X36,=*
G?attie7
G@brie!!e
GBj8F2C
GGsp4M4E
GIEJM6nD
GN..X<)JN
GW$4V.1O>
GWX6PZW1;
GZY0,!2D8
G[GC9L$Y4
Gaa2010_
Galbi!so6
Gan2010ti
Gand>rud9
Gaph#9905
GarciaA~9
GatitoQ59
Gattet()
Gayton!97
Ga{rland1
Ga}dapee7
Gcbb)9867
Gchicken#7
Gdec2010
Gebo2018
Georgalas
Georgiann
Ger+rud|s
Geraghty
Gerald88(
GeraldB]5
Gh2010use
Ghaz%0915
Gho2010sh
Gi%acchi4
Gi/bbon2
Giants2010(
Gilbe>au2
Gkvl1985
Glad]ish3
Glenda(le1
Gloria7_
Glun{t1
Gonenow[(
Goodenow
Goodridge
Goya2010l
Gpje&4238
Gr?imley3
Grainton
Grammy1975
Gree`son5
Green[jf
Greg)2391
Gtkt1970
Gu111erm1na
Gues$m%]
Guitry&,
Gutreuter
Guzo2014
GvVAw6po
G|atita34
H*eats18
H-p002350
H3V7-D-6G
H9*$5T?M&
HELLOKM
HKFA/H[%X
HL[7O.AS
HO5(I+Y4
HRS2009$
HRU7o4Nq
HX7Y0@
HZvegas-
Haefn<er3
HaileyA~7
Halus}ka9
Ham Lake
Hamberger
Hann0160
Hansi2015
Hanzel1
Happy1(7
Happy@2009
Harb;ert3
Hask=amp9
HaydenF23
Hday0336
Heber/le5
Heinz&86
Hello!44
Hello123.
Hello7192
Helloboy19*
Hellokitty16
Hellokitty57
Hellop111
Her7ind@
Herme!1nda
Heywar\d2
Hh'm1095
Hhg000994
Hlpslq#(
Hmk$!w!=
Holst/049
Home2009
Hon^aker9
Hor+nack0
Hores#co6
Hores/059
Hot`dog84
Hotze%410
Hous,ey4
Howr,yla0
Hrvata@
Hsna$2137
Hub2010li
Hubb+s1
Hughso+n2
Huo002617
Hvc2010.
Hwtc1625
I!/<6'G
I#0W1*\<
I&4L/;)(
I&=(93PZJ
I(%1[->>Z
I-CW-W&/I
I2HLX31\6
I2P=</W@
I3-?@S
I6#K5H.!A
I6xIpFrw
I7777777_6
I77A<DI14
I>1.JZW/Z
IAMpx5gc
IAZ2V
ICES_082009
IFOm4Vxq
IGK<G3[42
IL\<U=/<@
IMar2010
IO@).<+V
IOU=73>4/
IaSVEgas
Igzr1994
Iicp1976
Iif002146
Imissu2009
Ingmi$re9
Inguadona
Inv2010<
IqARXc9i
Irving,1
Isch0090
Isco_1903
Isiscg#
Ivy Mills
Iwma*6774
Izl004409
Izlb1981
J)U*5VCA2
J.>W!E6=.
J.N%.C9!
J/WI\P513
J2010u1y
J2010u7y
J2010u8y
J2010u9y
J29+=O3M
J;\O>+
JCvegas$
JDvegas|
JMNz9OUx
JNs9d6FS
JRO@;(A4
JRxK7DKs
JULYCAP
JUly8936$$
JZGW0ZCr
J\D</[>Y[
James+qs
James=np
James}jt
January@%s
January`$\
Januaryo{
Jarealito
Jayson69-
Jayvon1957
Jazmin47!
Jcvy2005
Jeg2010)
Jessika$'
Jesus2006
Jiya@2009
Jlhh1968
Jmelanie}1
John3:16
Johnny2010~
Johntown
Joliet`#@
JsHuHRI
Jsheid@
Ju2010n7
Judah[418
Jul#2009
Julie2003
July2008!!
July2498
July_2006
Justme74|
Jutted(<
Jyj004072
K!R4K9)35
K*4LX\8QA
K*F+CX
K-VLHX6.+
K0REl0g|C
K0rEL0g1c
K1ughFeb2009
K9F-Z
K<#-#Y;DU
K@illeen1
KE74OD.RY
KGaz1dwN
KGvegas-
KJvjo0VP
KLKjuly18
KORELOg|C
KOReLOG|c
KOr3LOg|C
KOrEiOGIc
KOrElOg|C
KOre1ogIc
KOre7og1C
KY8+5%F-
KZvegas^
K[C#6[\GX
Kakani{03
Kamijinoo
Kaq001181
KatieM<4
Kaur2010
Kay7e|gh
KaylaT#6
Ke7xZeFi
Keenbrook
Kegel=644
Keirstead
Kengland]4
Kern Lake
Kharvi(-
Khen0800
Kicky^19
Kille_en1
Kinderlou
King2010|
Kings Bay
Kirsty1980
Kitchens
Kitty{mo
Kiwi's&'
Kkqa*5148
Kmar2010
Kn,ack79
Knieriem
Knob Hill
KoRE1Og1C
KoREIOgIC
KoRelOG1c
Kogan@59
Kogen(46
Kondracki
KorElOG!C
Korelog@ic2019
Korelogi)c1962
Korelogic'2014
Kore|oG1C
Kosir_793
Krichard%7
Kriss;21
Ktsl2005
Kuv001002
Kzve1999
K{orelogic1955
L&W/V#<:
L&asVegas1978
L'TMPZ/
L)*21-Z5
L-N0[DFAW
L31FF[93
L8xU1x79
LHAL4
LIV%QO/4
LJuly98
LQ3MhKX0
LWvegas`
L\Q24/A$
La!sVegas1987
La&svegas1988
La(sVegas1
La?svegas1955
Labre^514
Laffitte
Lai001543
Lake Lawn
Landry\6
Lankster
Larc_4135
Laredo}]}
Larmando=4
Las2010Vegas
LasVegas000
LasVegas2009!
LasVegas2010!
LasV~egas1995
Lasv=egas1
Lasvega!s1979
Lasvega's1
Lasvega's1988
Lasvegas>1996
Lasvegased
Lasveg{as2012
Lat (DMS)
Ldbq$$@[
Lees Park
Lewars!93
Lexptr&
Le~ster33
Lf8dbMqt
Lhla1993
Li3$3lott3
Liam102009!!
Libri1961
Lify0Dxd
Linc/oln1
Lljs2015
Lmqw2000
Logan2020
Lola(9667
Looking~=
LorenaJ02
LoserC4_
Lover'hz
Loves#dq
Loving75$
Lowell+`(
Lsweet%{
Ltq002104
Lucky*tx
Lucky798#
Lut2010=
M&9+%441Z
M&lm%4153
M'y2010^
M+dx#7319
M0nDAyi
M1/,X7&9
M20107rch
M20107y
M2010itra
M2r2010ch
M4Gf4U02
M9r2010ch
M@del@|ne
M@rve!!@
MARvegas
MEHW&1\,
MH$2R&8:
ML<QZ)>R(
MO?[+9
M\\AW+43[
MaddieC91
Madero}45
Madiso\n1
Majjo1959
Makua+282
Malawi2009
Malia2013
Mamerica)
MamitaB72
Marc116$
Marc119!
MarchV
MarcusU05
Margaux{|
Mari=o71
MarieL+7
Marieke2009
Mariella
Marine2010?
Marlboro2010?
Masque1975
Massachusetts
Master61/
Matuk1963
Matute^23
Maxlily^/
May'
Mayv
Mbenfica;3
McAll;en1
McComber
McKay~198
McVea;83
Mcsm1999
Mdpc0893
Megan=gh
Memu^9503
Meo_427
Mevk!8056
MgSZ1swm
MhLf7U6x
Mi`dland1
Miami]\*
Mierda65>
MiriamD53
Missy2009
Mman&5514
MmkayAR
Mo$desto1
MollyN%0
Mommy19>
Momoko%
Mond@Y5.
Monday04(
Monday05!
Monday2009?
Monday232004
Monday2323
Monday454
Monday825
Monday86!
Mondays1!
Money`hc
Monica1958
MonicaB&5
Mooser&40
Mrh112009$
Mrop1160
Mrpn)2301
Mslf1993
Mspe&2468
Mtlb#3650
Muffin2006
MuffinP05
Murphy22]
Mx0PtK3Q
Myip0588
Myspace.net
MzvCktf9
N#P3M[78G
N$Q>[\Z(
N,@9@;8W,
N.$.)Z;V)
N.V23-Z(
N2+;G
N4<33'R
N5.2%;5Z
N9QC,
N;,&L:Y+
N<>&(!*0
N=0E-X76/
NM0BWeIw
NO&$A%/,
NRaIn8cE
NSUc47dM
NY2A2fV
NZ&&<V%I-
N\&>8\IP[
Nans(8861
Naples1990
Naqi)3686
NarutoD50
NarutoN58
Nas112009
Natu1008
Naygirl}]
Nelms(154
NenitaK73
Nepc2009
Nern\053
Nes9bZUC
Neufer^|
Neutral5
Newark..+
Newfound
Newyork2009
Nexsys&
Nfebruary47
Nfw004193
Ngabriel}6
NguR7Xs
Nicki1994
NicoleL16
NikkiC_7
Nitram1975
Njuly73
Nkm2010^
Nnov2010
Norman[@,
Nov302009
Nove118!
Nove118@
Novemberx
Nqwerty1-0
Nsgyjay;$
Nsgyjay=}
Number0269
Number1005
Number1232
Number2060
Number2211
Number3230
Number3716
Number5057
Number5324
Number5922
Number6058
Number6138
Number6395
Number6601
Number8240
Number8747
O&W>#*0;
O-T<-E!
O-xnard1
O0WZ!I-.+
O1Gx9TkV
O6OR?S
O912((>8
O;$>VG873
O@[ZZ=@7A
OAta55XZ
ODzG5wAQ
OE%NL7.Y)
OGSW0zkU
OMD7iipu
OOcdLT0X
OWMQCS
Oakley1968
Oapp1748
Obinna1969
Obrienw(!
OctoberN
OctoberVG
Ocxt$7851
Ogqi*9280
Olathe)$/
Olnn1980
OmcYfj43
On-u!1096
Onde1197
Onld2000
Orrala(06
Orst^1073
Oryg1225
Oser'229
Ospencer_8
Otibuk_(
Oum001824
P%;C9=$1
P&I)V%Y+W
P07--T$6W
PCa19RCL
PDQ2Upx
PF3WoCNe
PFpU32qb
PI7.771-
PTvegas_
PW.$65=0V
PWY/\<*[
PXWH%7VEX
PZ5K*/0C1
P\0Y.0#K8
Pabcdefg;2
Padma2012
Paiste2009
Palets#
PamelaH23
Pare_5777
Paula1991
Paulina,_
Pdae1995
Pdox1724
PeU7YQsN
Petigny7
Pfriends/5
Pgd2010-
Phi7om3na
Phjz1983
Phoeni;x1
Pioneers2009
Pjay$5432
Pju003915
Pjuly54
PksS4ysB
Pkxv2017
Pl/s!1555
Plhk0282
Plib*4226
Plus+orminus-
Pnck_3022
Poncho1957
Ppms#7386
Pr15c1lla
Prgb0577
Pri5ci77a
Prodfacebook
Prodlasvegas
Provo|{~
Prows%768
Prv001829
Pussy2001
Pxs002631
Pyne~602
Q"=/3+
Q)B/8U4Y
Q2,J1BOQ
Q2fGpRnN
Q31UACC(
Q3>(:[7Z
Q4+AC=Z'(
Q4m2010(
Q6C&%HV*
Q?20Q:5X
Q@9%=J\>
QMDG2upC
QOvegas_
QOvegas`
QPff4hSx
QRvegas|
QX>)0ZF85
Qaav0523
Qd2d#4403
Qfriends>2
Qgr004429
Qheather0
Qjm001552
Qkfu2008
Qlaug2010
Qman0818
Qmj2010>
Qoj000289
Qqe003450
Quail Run
Quepasa[(
Qun!lq(*
QwertR^2
QwertyP79
Qwyg2004
R.0&35Y6G
R00$eve1t
R09l3fK0
R18&4-4
R2010eddy
R5nEpV8f
R;ykes31
R<WA85J+A
RB.Y;CNM
REHfEZA
RFY8/<@T#
RI=1>.2/=
RIF7kNqZ
RJ0,E;635
ROASI2.Z
ROOTVOIP2009
ROOTvoip2009
RQZ191X
RTPY0i85
RU&XW7-M
RZvegas~
Ra2010o
Ra2010thi
Ra4nqcLg
Raintown
Rani2009
Raver2007
Rcs!@c##
Re2010ddy
Rebholz4
Reflect&$
Remek1988
Reno;@_
Rhod-Ayr
Rj5i8Pkv
Rmb2010}
Robert61.
Robinvale
RockerY19
Rockf.ord1
Rockfor=d1
Roeville
Rogal{13
Rollf$04
Ronanwo~-
Rooseve1t
Rosa;198
Roseann/-
Roussy%
Royle#816
Rrrh1987
Rxy002392
Ryanville
S$>G8I\60
S'f2010)
S,58472Y
S2SPV
S4+URd4YJD
S4+URd@y+
S4+UrDaYt
S4+urDayH
S4TURD@yq#
S4TURd@YPh
S4TURdaY!3
S4TUrDAy3i
S4tURdAYSy
S4tUrday5<
S4tuRD@yby
S4turdaY!
S=RP[A@[
S@)WTO=$<
S@+URD@Y=b
S@+URDAy+
S@+urD4YDh
S@+urD@Y)}
S@TURdAyBg
S@TuRDAY\2
S@TurD4Y^
S@turd@Yda
S@tyam2009
SA+uRD@Y`
SA+uRd@y%&
SA+uRdaym
SATuRD@YMd
SAtUrDAY"
SAtuRDaY|i
SDvegas%
SE!%$&QE
SILBZ1F\
SL3lyWs8
SM&0&1-O.
SM\,1D2C
SS-sucks2009
SX&;04
SZ3/X<@FA
Sa+UrD@Y|
Sa+uRd4YO
Sahin1996
Sahr[310
Sakebi*$
Salem#@#
Sali[nas1
Samwise/-
San%Jose1
San<Jose1
Sandy[iu
Santaana{1
Santana2009!
Sapiens.@
Saryan2009
Sasuke86-
SatUrDAyB
SatuRD4Y
Saumier4
Sbano[667
Sc&c_2490
Scharpf7
Schnopp!
Sep*2009
SeptemberN
Sfov)8164
SgdUhti0
Sh/eep75
Sh1r|een
Sherrtt,
Shiro>305
Shit>s10
Sho/os57
Sidney1995
Sierra2010)
Sierra7.
Silve%r36
SimpleL54
Sister77;
Siubara;.
Sligh)343
Smichael;8
Smm2010+
Snicole1-3
So2010man
Soccer34=
Soccer41~
Sperma1983
Spicey2009
Spoc2009!
Srcn1461
Srodrigo=7
Ssnv1578
St/t^4591
Stjames{$
Sto$ckton1
Stockt}on1
Stpl0282
Strei.184
Strew{32
Su2010tar
Su[per61
Sulky2013
Suluap@_
Summerm(*
Sunb)2398
Sundby%
Suzyque|=
Sv@dec&&
Sweater}(
Swing2009
Swjun1980
Syah0012
Sydney06_
Sye2010d
Szux1957
T+2"DA32
T.T\9MN0
T2010uli
T2Dw6bwv
T2\Z![VL,
T3rri!yn
T<otes27
T=$+!/6P
TB7Yme2y
TESTINGPass123
TGXV\KO1
THUR$D4y=3
THUR$D@yf!
THUrsD@y9
THgQ2SfL
THur$D@Y%<
THur$D@Y2+
THur$d4y`
THurSd4yV5
THzl1UGM
TNvegas(
TOctober77
TU3$d@y_G
TU3Sd@Y^1
TUe$D4yn
TUe$d4Ym
TUe$d@YC
TUeSDAYA_
Taboos!}
Tacoma<=]
Tampa^&%
Tamp~a1
Taran%773
Tdns1643
TeamoZ\4
Tepetate
Test-b%#
Testwhitehat
Tetajon`$
Tfg002915
TfmXHhe
Tgq002687
This)4066
Tho,rnton1
ThomasV79
Thornto!n1
Thp2010>
Thtr!7961
Tiqu0826
Tiwi2009!!!!!
Tiz003344
Tjamaica*0
Tjarks-16
Tobery#98
Tobv2007
Toko2016
Toledo[_,
Toledo^'*
Topeka=*&
Tr8p_3180
Treach#`
Trina1958
Tron2009
Tscorpio~4
Tsparkle+9
Ttpz1981
Tu3SD4y,
Tu3sd4Y>
Tucson?!)
Tue$d4Yi
Tuesday2009
Turkish[_
Tuwl1955
Tvvm1708
Tyc2010.
Tynan!71
U"/!";/8
U)RZ+$HOA
U/HW\*@=
U/ss&6435
U1(#[2#9
U6C*(C#@
U7;Y(X,;<
U7Thv9zX
U8&<Z@*$\
U8CHULz
U8Q/=6V30
U98R0q3f
U9qdmvCD
U<-UEL-7
U=;3)(X+
U@#I@785V
U@Z8%*-L(
UIOvs4va
UJun2010
UO%MG%VK
UPvegas=
UQ#(U
UX,\0(%UW
UY$2.(273
UY6+,VA@B
Uarsenal\1
Uegi1990
Ufce@5405
Ugh2010%
Uma2010?
Unit$$42009
V!=(S0012
V"[S\
V#)4W%/Y
V#;Z$W[L#
V#BCT,.&
V%.R--T["
V%G#Z
V'egas1961
V's003223
V(egas429
V+egas1972
V->':@
V.egas1955
V0[[B-9.
V3[3HU(I,
V5B<<5"?
V6O..DVP;
V=egas2013
V>egas1997
V?*[Z
VA@;'45,
VBNXI[@2,
VEzKu7O2
VFeb2010
VGrUmB24
VH#Y4\!>
VH2qxT31
VHC+(2HH
VK<,Q
VTvegas`
VUP50V#2
VYE+C->0&
VZ&0>21U
V`egas187
V`egas1952
Va0H4uBb
Vaka2010
Valia2010
Vdancing|0
Vdus1798
Ve)gas315
Ve;gas610
Ve=gas296
Ve?gas795
Vecr52Ns
Veg#as1962
Veg%as1942
Veg'as875
Veg)as080
Veg<as2003
Veg@as2002
Veg\as2000
Veg^as1947
Veg^as276
Vega's606
Vega(s037
Vega*s1961
Vega<s1967
Vega?s833
Vegas!743
Vegas&366
Vegas*929
Vegas-1947
Vegas.1980
Vegas=570
Vegas?1961
Vegas[1948
Vegas^1966
Vegas~1948
Vega|s062
Veg}as861
Veness[99
Ve|gas684
Vic001955
Vieau=56
Vinm1997
Visal<ia1
Viscid(.
Viviana@>
Vivino[93
Vo446QBb
Vqwerty1|5
Vsaf2000
VuWG83Uj
Vve2010!
Vxk2009#
Vyourmom'5
W!\TY$I
W%GX<X\T
W(F(IYV!K
W)%9[I/$
W)A=ZZ$S
W*.6*9P4
W*UC82+J
W-Y6A2$;6
W.=;Q@*4[
W/vt)5811
W25xfhIk
W2D[[AHW
W2Dk2TLu
W3!!+F-%$
W3DN3$d@YK
W3DN3$d@yRX
W3DN3sD@yHS
W3DNESD@yaf
W3DNEsD4YsH
W3DNEsdaYT;
W3DNe$DAyMM
W3DNeSD@Y
W3DNeSdAY[&
W3Dn3$D4Yqh
W3Dn3$DaYY
W3Dn3sD4YZ`
W3Dn3sd@Y5[
W3DnE$D@yM
W3DnE$dAY.}
W3DnESd4y,+
W3DnESd4y4^
W3DnEsd@Yn
W3Dne$dAyZQ
W3DneSd@ylV
W3DnesDAYoB
W3dN3$DAyw
W3dN3$d@YN
W3dN3$dayR-
W3dN3Sd@YA
W3dNESd4yc$
W3dNEsdaYrm
W3dNe$DAY*M
W3dNeSDay,
W3dNeSd@YR.
W3dn3$DAyQe
W3dn3sd4ykK
W3dnEsDAyJ~
W3dnEsDaYby
W3dnEsd@y^
W3dnesdaY8
W<#<%464$
W?=P.$
WA.VV4Y2V
WA;$36P>
WALLeye2009*
WDQX3&I4U
WDZ+Y$#<A
WDvegas#
WEDN3$DayL&
WEDN3$d4yd
WEDN3SdAyk6
WEDN3sd4yL6
WEDN3sd@Y{D
WEDNE$d@Y2(
WEDNESDaY<N
WEDNEsDaY;3
WEDNe$d4YX/
WEDn3sDAY2#
WEDne$d4Y>T
WEDneSD@YO
WEdN3$DAY,;
WEdNe$DaY-
WEdn3$D@YTu
WEdn3$DAYj
WEdn3SD4Y{}
WEdn3sd@y*{
WEdnE$d4yr
WEdne$D@Y~q
WH!TEHAt
WH!TeH@t
WH,,-->R
WP&6>
WQ=3[<=,T
WS&7=SH)%
WVvegas#
WXx6s6aC
W\8&;YBA(
W^eary86
Waan$9554
Waf&fs39
Waft*9974
Wakf$9110
Walrus1950
Wanchiming2009
Warren@<[
Warren~|)
Watt$s27
Watte}325
WeDN3$DaY<t
WeDN3SD@y_
WeDN3Sd4y\
WeDN3sDaYx
WeDn3$D4Y-
WeDn3$D4yg{
WeDn3$D@y#
WeDn3$d@Yky
WeDn3$d@y[]
WeDn3sdayTO
WeDneSD@YA
WeDnesD@YJ
WedN3SDAy5T
WedN3sD@YI
WedN3sd@Ykw
Wedn3$D@yv
Wedn3$DayU2
Wedn3Sd4Yhc
Wedn3sD@Yz
Wedn3sdaY>N
Wedn3sday@C
WednESD4YAP
Wedne$d4Y)1
Wee%ns79
Wga2010le
Wh?itehat1941
Wh\itehat1953
Whiteha#t2012
Whitehat<1974
Whitehat{1987
Whi|tehat1956
Wh|TeH4t
Wi28bpuE
WillowY31
Wind$0620
Winter***2009
Winter*2009
Wipb1973
Witten}00
Wiwurna\{
Wjw002691
Wjz003360
Wlwt1961
Wm1eqgAN
Wno2010/
Wpd004412
Wqj000749
Wrye^509
Wv8z7eD
Wwjdluv]\
X#3WG$
X#jun2010
X$I[SX0U
X%1FUU6%%
X(UA<5Y#,
X*YP7\-$T
X+4?M"*![
X-N+S!+1(
X1fUYjqP
X6Ims9tR
X89K9V.[
X8T$SYV18
X8vPoCXo
X:8=!91!
X;,75S@V[
X;Y\>)%<
X=#X;89+
X=&>)KH/
X=V@K
XCQ\Z/;)
XK#*5W%0'
XLY8[=J.T
XR7hrjPV
XRaQgu2f
XTYBG*XYI
XWXy7fPQ
X\4V,J\B=
Xaa002305
XavierJ68
XdMn1VOE
Xe69YV3x
Xenacat![
Xeop0970
Xgl001068
Xia004208
Xiloveu2=4
Xjsg1983
Xli001120
Xnn_rz()
Xpw001922
Xtp2010}
Xwov2009
Xyourmom*9
Y#WO[I5LP
Y*,9B!UC.
Y*77@1YX
Y-@H6>3O
Y00Y4&TB@
Y6G6&@6%=
Y7%\BA
Y8#/-X
Y:95ZDKT
Y>VM5Q&YL
Y@Q$"\X
YA.FB./(*
YC+0D98BC
YD3377JO[
YDbagtb
YH1Q0(97
YH=Z>V
YK;M8$(!
YOL*JA4U
YSLMmho
YUfN1Q8X
YV4*DO)7@
YWX2#<3
YX>/\
YY#@5AH()
Y\!=78%AR
Y\0E:0!E
YamahaQ50
YamahaZ07
Yamistad[6
YbsR4M9g
Yjr003186
Ykh003092
YlHN0byR
Yletmein}2
Ymcg1975
Ymihere(@
YmpEW7KG
Yndens%\
Youb1958
Younk|er2
Ysv2010]
Yutzy!374
YxKu6nAT
Z"WT3
Z$\/R;/8
Z&;=&Z&([
Z&DQ!'
Z,G#CZ$W;
Z.U[>B9PZ
Z1BJ63qm
Z46.135V.
Z6&W/4)NN
Z6)PZ0.
Z6[/Y.5
Z9W0X(Z@
Z;%W,1K3
Z=/FVFI.
Z@$G$C@TX
ZCT3;
ZCvegas#
ZD-80=0
ZFNFXc4H
ZG@+S%AB(
ZH9"6%
ZL>/XYE$
ZU2Y\MZ(\
ZW&&[8A*
ZWX;<>A(I
ZYV52R.3#
ZYYU$X'"
ZZ9JK
ZZZ0!zzz
Zapril94
ZfQNF8YB
Zjf2010@
Zk2Zj7vX
Zol004426
Zoo/fyo
ZxGn4Adr
Zysf1992
ZzvQW6GA
[#<Z!HS
[$S@#O3I)
['1J1!V5Y
[(Defcon
[)Korelogic
[)LasVegas
[-8DCT58
[.YS85<&
[28HO[1
[3+Y(N2WJ
[39#4;,7V
[4T-9WY.%
[5#*QG@Z
[66"Y)Q;'
[7)\1L1KW
[=*GS<T=Y
[A!%7>\*<
[A;17:XW
[A\9Z@#!
[F%O;Z5B
[Facebook1
[V<0086G!
[YEC0YD\$
[[!>Q7(L
[[=[*
[[X>W!02D
[\Bobby
[_korelogic
[skyline.
\*50@V1%F
\*G#-+$66
\+)DM=B1>
\,$[Y3S-
\,S-+.&=
\2TN@>M@1
\4Z#9/::
\;+\,>>2-
\;085=@TE
\>b!ackha+
\Blackhat1968
\Ginns9
\LA2/
\P>3<7!%
\Stamford1
\ZV%K$\
\ZZCW03<8
\[8>975Y
\^sandra
\_Lovely
\november14
]*Blackhat
],Blackhat
]Celeste}
]Jeffrey;
][Babyface
]\Georgia
]\korelogic
]february79
]~B|@ckh@t
^)jorge
^;Defcon
^=Wh1teh@t
^Defcon202
^Facebook320
^Gangsta)
^\LasVegas
^august35
^serer99
^}Blackhat
_(Defcon
_+L4$V3g4$
_Korelogic1
_chicago/
_vegas964
_{La$v3ga$
`,catalina
`-celtic
`Vegas1971
`Vegas285
`_F4ce8ook
`newyork[
`whitehat2008
`~Rodrigo
a4b1SRr
a73muNwB
aApril13
aApril81
aApril93
aCwP4AoK
aIpOps7
aMGhzX7
aVcT4iJc
aa1234aaaa
aaaa1234aa
aalfredo!2
ab1234cdef
abc12308\
abc123F45
act!GaL8
act!RS84
added=14
afEf8h9V
akA5ytpT
al(bert87
albertG39
am1234ber
am]ble59
americaTR
an#dres04
andre1234i
annazoe'%
antoniaPI
aott1983
ap1234ple
apmptbm}}
apobtch.\
appleB95
ash1234ton
ashing2010!
ashtonA07
augustacH
aureliaQu
axif1969
ay20091101!
b1234arney
b1234ianca
b14CkH4T
b6200909
b7aCkhA+
bCngd4RS
bDecember2
bVTbxg0
bW7uX9n0
b]lackhat1
bambamF01
batm1234an
bbyj2018
be&auty84
beatrizcw
bebh2013
bebitaX34
beckoms
beltran.=
bhaskar3
billionsix
blACKhaT
blaCKhaT
blacOhat1
blackhat-1956
blackhatTest
blackhatUat
bla|ckhat1987
bmartin.~
bonnieT51
boobs2010&
boobs2010]
bridgetZP
bryanP!1
buddy1I28
bvye1967
bybs2001
byly1985
c#ampy64
c.utie39
c0sep2010
c1234esar
c91esMk
c9APtKD0
cFNd9tIr
calistaKd
capicta++
capt!%7Y
cardman*~
carlosU91
caroylnLM
cars2009
ccasewn|/
cdecember37
cele5+ina
cen+SuR
cezc1999
ch@r|ette
chanceN21
chanman,?
chelseydn
chetek10
chr1st3l
christ4l
christiOT
ciqiSi7
clie08Ds
clmx2017
cluxton2009
coap1989
codr--ZA
colleneeh
corgeyer2009
cppe1985
cristinLw
cscZ4au7
csdEsQR4
ctapril+#
cyqy2005
d0mitila
d1234ancer
d20MczJ7
d9xHb5X2
dEiC5BJD
dEs7S1u
dP2rjmGq
dUtPfS1N
davi1234d
dct!G1CG
dct$4%5B
dddy08As
de)fcon1968
de2010fcon
def&con1988
def2010con
defco+n1992
defcon%2011
delorisSZ
delorseZv
denisha1
dgaf2009
diamondiU
dil\ls64
dinamoC00
dinorahFM
dklb2015
dlpd1977
dottiedottie
duagib
duv2010#
dwuWI2KH
dxll1961
e2w1w3r3
eR0Msakg
ecrz1968
efbgfedc
efe4er54
efrdfgfd
empson123
engel2009
epbw1952
eqhy1970
erika!ng
erika$db
eslx1973
ettman12345
evelina\!
f.acebook1990
f4cE8oOk
fR1d@yg;
faCEbOOk
fac$ebook1
faceb*ook2003
faceb,ook2018
facebooktest
facebook|1963
facebo}ok1975
fall#2009
fatim1234a
fcjs1956
feBvegas
february&aC
februaryHjW
februaryT#Y
finnian<@
flor3tt@
fmmKh4og
foaS4qqK
fortysixty
fr33t1bet!
frId@YE
frogman'|
ftperDev
ftpingProd
fxlf2017
gA2AxO4E
gNyXnU3d
gYKxs7Yk
gallego2009!
gatita5?
gaumont?
gehred.
geniusA05
ger1234ard
gerrior123!
gfrn2011
giDGCYa
ginettehd
girl2010$
gm4QhUYM
goforth2008
gostate)}
gotf1985
gqpr1966
gregoryAr
gu4d41up3
h2eHcTwz
h73PYMrO
hHxw1lyw
ha1234ppy
hann1234ah
haydenQ99
hbUQbv3v
heLlo0123!
heatherEX
helloalice
hellomartino
hendrix2008
hhJ1wbO
hoffman!
hundredhundred
hundredtwo
hunting2010!
hwv2010#
i8tTbaIE
i9oki898
iAsVeGAs
iGiyl4CW
iJFXt89V
iaSVegas
ifebruary67
ikfp2014
ikji76uj
ikx8Ey4g
ilYn4Dsd
ilk.klio
inP7gWoj
io9o90[p
ioctlDev
ioctltest
iop890IOP*()
ipbu2006
irmgardbx
itim_pw<=
iujhmjyu
iujuyhy5
iwB5PBQF
iwfb2018
izeu2010
j80HhxWk
j@ckque7ine
jMbs0JF2
ja1234mes1
jaihanuman$2009
jan@2009
janetteLV
january!z)
januaryLwZ
jason)cp
jeaneneOW
jeffreyJQ
jenny&bx
jeromeC22
jessikacT
jesusH$4
jh@august07
joann1234a
jordanP44
joselyniw
jqSQ7tJj
jrti1984
ju]lius72
july1020
july@2008
julyOw
jvns
jwmb2003
jxxq1950
k0re10Gic
k=orelogic1986
kORELOg|C
kOrE!oG|c
kOrELOG|C
kOreLog1c
kOreloG1C
kU9Kf4Tx
k`orelogic1
karenI]9
kathrinYK
kieliching
killer,5
kimberycE
kinneys6
kirmer1
kirstinCD
kissmeM29
ko;relogic1984
koLelogic1
koR37oGIC
koRELog!C
koRE|Og1c
kor3!oGic
kor3Log!c
korE!og!c
korE7oGiC
korE|Og!c
kore!Ogic
korel(ogic1987
kore|oGIc
kore|ogiC
kppj1955
kqw7gNBJ
kri$tofer
kristanix
kw9BoPTL
kyrine/
l4LPd9Lc
l4QaGxl
l4fDg8bF
lAsVEgas
lMay60
langdon.{
las>vegas2010
lasFegas1
lasXegas1
lasveg>as1968
lasvegasTest
lasvegased
latoniajO
lauraV65
lespaul\-
leste.r41
lglitter}
littlej^@
lizzie26~
lo,ver92
lorettadP
losaccO
loserY*5
louiseI26
lovin>g05
lpadmin.'
lubrano2009
lucret!4
lypc2013
m1234ierda
m1234organ
m1gda|1a
mMuYvkP
mNn8cOZV
mOndaya
mSre5Glq
mZm0FRh
majorieWU
majoriefS
marc1234os
marc31in0
march .+
marinaZ58
marissaYD
mary3773n
marylinDH
marylinfx
mata2015
mdxm1959
medlin123456
meehan123!
meme-me88
mfebruary67
mffz1955
millioneleven
millionninety
miniroo%;
mjanuary78
mlb-mlb@|
molise172009+1
mommyG/7
monDay16
mond@yk
movp2013
moyersa-{
mtC7ZMLy
murielmuriel
muthart123!
mweu1974
mwfa1982
n7TSsimn
nApril28
nBCQnD3w
nQ0Snxhe
nicho113
nicholas2010#
nickelsed
nik1234ita
ninetymillion
nmarch91
nnn2009$
noelani>(
november2009!
novemberpF
nqrT9KJ1
nuco2012
nunley9
nuzums5
oE7jvABh
octaviaHU
ok7Wm0Gv
oralia23
oufd6XPH
pIAT5TZ1
pNfDp9SB
pO5WYzA6
pa1234565
par1234ola
pawlakkalwap
peGU9sjX
pepper2010-
petroni!a
peyatt1111
photobucket.org
pigletG99
pla1234yer
play<er21
player=6
plea1234se
pookieL83
prGv9Fvd
princeR01
prodftping
prodlasvegas
pyfrom6
q12w2ewd
q4of2009#
qdmp1977
qjuly69
qloa2008
qlzm2009
qmfg2012
qofx1983
qplR1SfZ
qtEPbH0R
qwertK50
qwertyui2010=
qx00Kzjz
qzhi2018
r43e21qa
r5rewsq1
rQApr2010
rV1stC07
ratoath@=
redsox`<`
redswszx
reelnaV
regeniaVl
reginiain
rfefvgng
richardOp
rlolipop9
rn3vwoMi
rnj76$2Y&%*
robjune])
roseliaeB
rosendaiD
rossonnossor
rutland2009!
rxnj1983
s2Ze2jzE
s4+URD@Y8I
s4+URd@Y)
s4+URdayK
s4+UrD4YV
s4+Urd4Yk
s4+urD4YPU
s4TuRDAY}k
s4TuRDaYI-
s4TuRDay6#
s4tURDAY|u
s4tUrD@y9#
s@+URDaY6
s@+URd@yjD
s@+UrDAyg_
s@+UrDaY%M
s@+UrDayK
s@+uRD@YN+
s@+uRd4Ytt
s@+urD4YL>
s@TUrdaYI~
s@TuRD4Ytc
s@TurD4y+N
s@Turd4yKz
s@tURDAyXs
s@tURdAYQP
s@tUrD4Y@
s@tuRDaY=v
s@turdAY!t
sA+Urd4yk
sA+uRD4Y0
sA+urD4Y}
sAtuRD4Y}Y
sKipoo+
sPlm2f70
sTSHNO0C
sY8r3wKv
sa+URD4Y$
sa+URD@yX
saTUrd@yq,
saffron`(
sam1234mie
sandles2008!
sax7YU5F
scarletZK
sep2009/
septemberNj
septemberu]
septemberxL
setsukoTT
shantayNH
shapeup~|
shawndaOQ
shawnnaHR
shedden1111
sherrylDO
silence?.
silviaA75
sixtythousand
skufca0
snzn
sofia2009+1
sords(03
sr1ByNYd
sradec
st1234acey
staceyB71
star2010{
starle$$
stars2010"
steelers2010\
stff79Z9
straley7
summer23YOU
suzannaeT
suzetteSf
svoo2003
sxoc2010
sxtq1952
t1LFatgd
t1XNKwDC
t4edxcfg
t9ad34Es
tBMlSov
tHuR$D4YE}
tHuR$d@Y;]
tI7Q1E1q
tKy2010*
tOMOpm7V
tU3$DAY!p
tU3$DaY<
tU3$d@y<
tU3SD4Y@X
tU3sD@Y~
tUE$d@y9}
tUE$d@y~;
tUEsDAy-g
tUe$D4YN5
tabethajJ
talyor123!
tamekiaCP
testing2010(
testxterm
tetajon*)
tfvdrfre
tghnmngh
tgtygfgn
tgvdrgvg
th#ews65
thUR$day0V
thUr$d4Y`
thUr$d@YM
threeforty
thuR$d4Y^
thuRSdAy|M
thuRsdaY@
toulmin6
tp3XzAgW
travi1234s
tsad~i39
tsep2010
tsurht$
tu3$daYPM
tuE$d@YS
tucker2010/
tucker2010;
tue$D@YW
tue$d@YPT
tueSDAyr
twentybillion
twentymillion
u6t4rgnh
u6u67ili
uXsv2Mwu
uatftper
udrf1988
uhgtyt4r
unOw744L
uptX3hx0
uqjg1965
uy6t4ty7
uygrtrer
uzgj1969
v)egas823
v,egas624
v-egas2015
v.egas1984
v/egas2019
v228ihUS
v3B8bvbS
vBjA0Men
vJUNegas
vJUlegas
vMaregas
vMayegas
vTWipm+
v[egas2017
v[egas753
v`egas896
vaUgegas
vafm1989
ve'gas334
ve?gas329
ve?gas566
ve_gas1999
veaUGgas
vefEBgas
veg#as729
veg+as887
veg>as703
veg?as1956
veg@as1980
vegMaRas
vegSEPas
veg[as756
veg\as1978
vega%s1976
vega-s166
vega;s1964
vega>s235
vega@s839
vegaAugs
vegaMaYs
vega_s455
vegas#2011
vegas$1944
vegas&1974
vegas'188
vegas,1940
vegas<183
vegas?197
vegasJuN
vegasJun
vegasmAy
vegas{1944
vegas}390
vegas}522
vegas}541
veg}as651
vemAYgas
veoCTgas
ve{gas141
ve|gas1956
vgri1983
video2010;
vjUNegas
vmSep2010
vmaRegas
voyager2010@
vpollito!
vqhzyA3E
vzqv1987
v|egas1980
w*hitehat1955
w3DN3$DaY-
w3DN3SD4y_
w3DN3sD4yB
w3DNE$day7^
w3DNESD4yAL
w3DNEsday#
w3DNe$DAY@
w3DNe$DAyD<
w3DNeSd@yHF
w3DNesD@yG)
w3Dn3$dAY(
w3DnEsD4ypy
w3DnEsd@yA7
w3Dne$D4yf^
w3cAs50T
w3dN3$dAYE
w3dN3SD@yp`
w3dNE$D@y>L
w3dNe$DAyI
w3dn3Sd4Y0f
w3dn3sD4y[
w3dnE$d@Y`
w3dnesDayp
w3dnesd@Y#-
w3r3r32q
wEDN3$DAY$2
wEDN3SDay31
wEDN3SdAyQc
wEDN3SdaY 8
wEDN3sDAyG
wEDN3sdaYxC
wEDNE$DAyO
wEDNESd4Ye
wEDNEsDayH
wEDNe$D@yT 
wEDn3Sd@Y((
wEDn3Sd@yi
wEDn3SdaY#
wEDn3sDAy[Q
wEDn3sdAyB=
wEDnE$d@yV
wEDne$D4YRw
wEDneSDAY1
wEdN3$dAytS
wEdN3SD@YW=
wEdN3Sday&&
wEdN3sD@Y0
wEdN3sDAySE
wEdN3sdAYBK
wEdNE$D@Y7
wEdNE$d@Yy*
wEdNe$D4Y^~
wEdn3Sday~
wEdn3sDAyc4
wEdnE$d@yK$
wEdne$DAY[
wEdne$DaYU-
wZxL0dsn
walt1234er
walter2010)
weDN3sDaY>f
weDN3sdAY#Q
weDNE$D4yP;
weDNE$D@yL
weDNE$d@Y8`
weDNeSd@yf3
weDNesdAYr
weDn3$D4Y>
weDn3$DAYQ,
weDn3$Day3n
weDn3sdAY9q
weDnE$d@Y_^
weDnESd4y,a
weDnESd@Y}
weDne$D4y/
wedN3$d@y6
wedN3sD@y`|
wedN3sD@yi]
wedN3sdAYfq
wedNE$d4Y;,
wedn3SDAY/@
wedn3sDaYDM
wednE$d@Yg
wednESDay4
wedne$D@YVQ
wer5rt65
wh!tEH4T
wh!tEhAt
whi#tehat1947
whisler2008!
whiteHat
whiteha:t1985
whitehatProd
whitehatTest
whitehatUat
whitehatprod
whiteh{at1969
whiteh}at1983
whitleyUu
wh|TEh4t
winner2010#
wiwurna!<
wjuly41
wqsqwsds
wsjahG3
x75vxoZb
xTxy80jm
xaUDny4A
xavierY85
xazx1967
xd8r2kMb
xkoh1950
xouS0C1n
xpgy1975
xwxl1982
xxxxx\x90
xzbJ3QFw
y7ygbhnh
yWOTmLB
yamah1234a
yeseniaSy
ygredr5t
ygredre4
yhju8uhb
yipt1984
yorj1960
ypnt1975
ytgr5ygf
yulandaSs
yvlzFoT
zJCc6EWD
zJanuary64
zYPx8wfj
zbXq2CmK
zjanuary{
zoME2UrH
zxsv1969
{&Xbox360
{15935797
{;Padgett
{?jason
{vegas541
{}lasvegas
{~monkeys
|!um|nada
|*L4$veg4$
|,Facebook
|4sveg4S
|Aglee11
|Feb2010
|Spencer.
|Vegas2008
|Vegas628
|Warren1
|_Lasvegas
|january92
|pogiako!
|vegas082
||ronaldo
}'Georgia
}.Kore|og!c
}<whi+3ha+
}Defcon1946
}LasVegas1942
}february17
~!Fenwick
~&Marjess
~'kor3logic
~*Face800k
~.wh1teh4t
~August72
~Cecilia$
~Corelli4
~Lindsay>
~Palmdale1
~]Lasvegas
~`Wh!t3hat
~lasvegas
~vegas081
~vegas1949
~vegas852
